Release 14.7 - xst P.20131013 (lin64)
Copyright (c) 1995-2013 Xilinx, Inc.  All rights reserved.
--> 
Parameter TMPDIR set to xst/projnav.tmp


Total REAL time to Xst completion: 0.00 secs
Total CPU time to Xst completion: 0.00 secs
 
--> 
Parameter xsthdpdir set to xst


Total REAL time to Xst completion: 0.00 secs
Total CPU time to Xst completion: 0.00 secs
 
--> 
Reading design: Schematic.prj

TABLE OF CONTENTS
  1) Synthesis Options Summary
  2) HDL Compilation
  3) Design Hierarchy Analysis
  4) HDL Analysis
  5) HDL Synthesis
     5.1) HDL Synthesis Report
  6) Advanced HDL Synthesis
     6.1) Advanced HDL Synthesis Report
  7) Low Level Synthesis
  8) Partition Report
  9) Final Report
	9.1) Device utilization summary
	9.2) Partition Resource Summary
	9.3) TIMING REPORT


=========================================================================
*                      Synthesis Options Summary                        *
=========================================================================
---- Source Parameters
Input File Name                    : "Schematic.prj"
Input Format                       : mixed
Ignore Synthesis Constraint File   : NO

---- Target Parameters
Output File Name                   : "Schematic"
Output Format                      : NGC
Target Device                      : xc3s100e-4-cp132

---- Source Options
Top Module Name                    : Schematic
Automatic FSM Extraction           : YES
FSM Encoding Algorithm             : Auto
Safe Implementation                : No
FSM Style                          : LUT
RAM Extraction                     : Yes
RAM Style                          : Auto
ROM Extraction                     : Yes
Mux Style                          : Auto
Decoder Extraction                 : YES
Priority Encoder Extraction        : Yes
Shift Register Extraction          : YES
Logical Shifter Extraction         : YES
XOR Collapsing                     : YES
ROM Style                          : Auto
Mux Extraction                     : Yes
Resource Sharing                   : YES
Asynchronous To Synchronous        : NO
Multiplier Style                   : Auto
Automatic Register Balancing       : No

---- Target Options
Add IO Buffers                     : YES
Global Maximum Fanout              : 100000
Add Generic Clock Buffer(BUFG)     : 24
Register Duplication               : YES
Slice Packing                      : YES
Optimize Instantiated Primitives   : NO
Use Clock Enable                   : Yes
Use Synchronous Set                : Yes
Use Synchronous Reset              : Yes
Pack IO Registers into IOBs        : Auto
Equivalent register Removal        : YES

---- General Options
Optimization Goal                  : Speed
Optimization Effort                : 1
Keep Hierarchy                     : No
Netlist Hierarchy                  : As_Optimized
RTL Output                         : Yes
Global Optimization                : AllClockNets
Read Cores                         : YES
Write Timing Constraints           : NO
Cross Clock Analysis               : NO
Hierarchy Separator                : /
Bus Delimiter                      : <>
Case Specifier                     : Maintain
Slice Utilization Ratio            : 100
BRAM Utilization Ratio             : 100
Verilog 2001                       : YES
Auto BRAM Packing                  : NO
Slice Utilization Ratio Delta      : 5

=========================================================================


=========================================================================
*                          HDL Compilation                              *
=========================================================================
Compiling verilog file "displaySeg.v" in library work
Compiling verilog file "counter.v" in library work
Module <displaySeg> compiled
Compiling verilog file "clkDivider.v" in library work
Module <counter> compiled
Compiling verilog file "Schematic.vf" in library work
Module <clkDivider> compiled
Module <Schematic> compiled
No errors in compilation
Analysis of file <"Schematic.prj"> succeeded.
 

=========================================================================
*                     Design Hierarchy Analysis                         *
=========================================================================
Analyzing hierarchy for module <Schematic> in library <work>.

Analyzing hierarchy for module <clkDivider> in library <work> with parameters.
	DIVIDER = "1110111001101011001010000000"

Analyzing hierarchy for module <counter> in library <work>.

Analyzing hierarchy for module <displaySeg> in library <work>.


=========================================================================
*                            HDL Analysis                               *
=========================================================================
Analyzing top module <Schematic>.
Module <Schematic> is correct for synthesis.
 
Analyzing module <clkDivider> in library <work>.
	DIVIDER = 28'b1110111001101011001010000000
Module <clkDivider> is correct for synthesis.
 
Analyzing module <counter> in library <work>.
Module <counter> is correct for synthesis.
 
Analyzing module <displaySeg> in library <work>.
Module <displaySeg> is correct for synthesis.
 

=========================================================================
*                           HDL Synthesis                               *
=========================================================================

Performing bidirectional port resolution...

Synthesizing Unit <clkDivider>.
    Related source file is "clkDivider.v".
WARNING:Xst:647 - Input <reset> is never used. This port will be preserved and left unconnected if it belongs to a top-level block or it belongs to a sub-block and the hierarchy of this sub-block is preserved.
    Found 1-bit register for signal <clk_5sec>.
    Found 28-bit comparator less for signal <clk_5sec$cmp_lt0000> created at line 39.
    Found 28-bit up counter for signal <counter>.
    Found 28-bit comparator greatequal for signal <counter$cmp_ge0000> created at line 36.
    Summary:
	inferred   1 Counter(s).
	inferred   1 D-type flip-flop(s).
	inferred   2 Comparator(s).
Unit <clkDivider> synthesized.


Synthesizing Unit <counter>.
    Related source file is "counter.v".
    Found 4-bit register for signal <counters>.
    Found 29-bit up counter for signal <clock_divider>.
    Found 4-bit adder for signal <counters$addsub0000> created at line 54.
    Found 4-bit comparator lessequal for signal <counters$cmp_le0000> created at line 53.
    Summary:
	inferred   1 Counter(s).
	inferred   4 D-type flip-flop(s).
	inferred   1 Adder/Subtractor(s).
	inferred   1 Comparator(s).
Unit <counter> synthesized.


Synthesizing Unit <displaySeg>.
    Related source file is "displaySeg.v".
    Found 16x7-bit ROM for signal <segments$mux0000> created at line 57.
    Found 4-bit register for signal <anodes>.
    Found 7-bit register for signal <segments>.
    Found 1-of-4 decoder for signal <anodes$mux0000> created at line 49.
    Found 17-bit up counter for signal <clock_divider>.
    Found 2-bit up counter for signal <digit_select>.
    Found 4-bit register for signal <digit_value>.
    Found 4-bit 4-to-1 multiplexer for signal <digit_value$mux0000> created at line 49.
    Found 1-bit register for signal <slow_clock>.
    Summary:
	inferred   1 ROM(s).
	inferred   2 Counter(s).
	inferred  16 D-type flip-flop(s).
	inferred   4 Multiplexer(s).
	inferred   1 Decoder(s).
Unit <displaySeg> synthesized.


Synthesizing Unit <Schematic>.
    Related source file is "Schematic.vf".
Unit <Schematic> synthesized.


=========================================================================
HDL Synthesis Report

Macro Statistics
# ROMs                                                 : 1
 16x7-bit ROM                                          : 1
# Adders/Subtractors                                   : 4
 4-bit adder                                           : 4
# Counters                                             : 7
 17-bit up counter                                     : 1
 2-bit up counter                                      : 1
 28-bit up counter                                     : 1
 29-bit up counter                                     : 4
# Registers                                            : 9
 1-bit register                                        : 2
 4-bit register                                        : 6
 7-bit register                                        : 1
# Comparators                                          : 6
 28-bit comparator greatequal                          : 1
 28-bit comparator less                                : 1
 4-bit comparator lessequal                            : 4
# Multiplexers                                         : 1
 4-bit 4-to-1 multiplexer                              : 1
# Decoders                                             : 1
 1-of-4 decoder                                        : 1

=========================================================================

=========================================================================
*                       Advanced HDL Synthesis                          *
=========================================================================


Synthesizing (advanced) Unit <displaySeg>.
INFO:Xst:3034 - In order to maximize performance and save block RAM resources, the small ROM <Mrom_segments_mux0000> will be implemented on LUT. If you want to force its implementation on block, use option/constraint rom_style.
Unit <displaySeg> synthesized (advanced).

=========================================================================
Advanced HDL Synthesis Report

Macro Statistics
# ROMs                                                 : 1
 16x7-bit ROM                                          : 1
# Adders/Subtractors                                   : 4
 4-bit adder                                           : 4
# Counters                                             : 7
 17-bit up counter                                     : 1
 2-bit up counter                                      : 1
 28-bit up counter                                     : 1
 29-bit up counter                                     : 4
# Registers                                            : 33
 Flip-Flops                                            : 33
# Comparators                                          : 6
 28-bit comparator greatequal                          : 1
 28-bit comparator less                                : 1
 4-bit comparator lessequal                            : 4
# Multiplexers                                         : 1
 4-bit 4-to-1 multiplexer                              : 1
# Decoders                                             : 1
 1-of-4 decoder                                        : 1

=========================================================================

=========================================================================
*                         Low Level Synthesis                           *
=========================================================================

Optimizing unit <Schematic> ...

Optimizing unit <counter> ...

Optimizing unit <displaySeg> ...

Mapping all equations...
Building and optimizing final netlist ...
Found area constraint ratio of 100 (+ 5) on block Schematic, actual ratio is 15.

Final Macro Processing ...

=========================================================================
Final Register Report

Macro Statistics
# Registers                                            : 196
 Flip-Flops                                            : 196

=========================================================================

=========================================================================
*                           Partition Report                            *
=========================================================================

Partition Implementation Status
-------------------------------

  No Partitions were found in this design.

-------------------------------

=========================================================================
*                            Final Report                               *
=========================================================================
Final Results
RTL Top Level Output File Name     : Schematic.ngr
Top Level Output File Name         : Schematic
Output Format                      : NGC
Optimization Goal                  : Speed
Keep Hierarchy                     : No

Design Statistics
# IOs                              : 27

Cell Usage :
# BELS                             : 697
#      BUF                         : 11
#      GND                         : 1
#      INV                         : 16
#      LUT1                        : 164
#      LUT2                        : 19
#      LUT3                        : 27
#      LUT3_D                      : 8
#      LUT4                        : 58
#      LUT4_D                      : 4
#      MUXCY                       : 215
#      MUXF5                       : 12
#      VCC                         : 1
#      XORCY                       : 161
# FlipFlops/Latches                : 196
#      FD                          : 45
#      FDR                         : 146
#      FDS                         : 5
# Clock Buffers                    : 1
#      BUFGP                       : 1
# IO Buffers                       : 26
#      IBUF                        : 6
#      OBUF                        : 20
=========================================================================

Device utilization summary:
---------------------------

Selected Device : 3s100ecp132-4 

 Number of Slices:                      152  out of    960    15%  
 Number of Slice Flip Flops:            196  out of   1920    10%  
 Number of 4 input LUTs:                296  out of   1920    15%  
 Number of IOs:                          27
 Number of bonded IOBs:                  27  out of     83    32%  
 Number of GCLKs:                         1  out of     24     4%  

---------------------------
Partition Resource Summary:
---------------------------

  No Partitions were found in this design.

---------------------------


=========================================================================
TIMING REPORT

NOTE: THESE TIMING NUMBERS ARE ONLY A SYNTHESIS ESTIMATE.
      FOR ACCURATE TIMING INFORMATION PLEASE REFER TO THE TRACE REPORT
      GENERATED AFTER PLACE-and-ROUTE.

Clock Information:
------------------
-----------------------------------+----------------------------+-------+
Clock Signal                       | Clock buffer(FF name)      | Load  |
-----------------------------------+----------------------------+-------+
clock                              | BUFGP                      | 179   |
XLXI_3/slow_clock                  | NONE(XLXI_3/digit_select_1)| 17    |
-----------------------------------+----------------------------+-------+
INFO:Xst:2169 - HDL ADVISOR - Some clock signals were not automatically buffered by XST with BUFG/BUFR resources. Please use the buffer_type constraint in order to insert these buffers to the clock signals to help prevent skew problems.

Asynchronous Control Signals Information:
----------------------------------------
No asynchronous control signals found in this design

Timing Summary:
---------------
Speed Grade: -4

   Minimum period: 6.504ns (Maximum Frequency: 153.755MHz)
   Minimum input arrival time before clock: 6.644ns
   Maximum output required time after clock: 5.407ns
   Maximum combinational path delay: 6.371ns

Timing Detail:
--------------
All values displayed in nanoseconds (ns)

=========================================================================
Timing constraint: Default period analysis for Clock 'clock'
  Clock period: 6.504ns (frequency: 153.755MHz)
  Total number of paths / destination ports: 7418 / 323
-------------------------------------------------------------------------
Delay:               6.504ns (Levels of Logic = 11)
  Source:            XLXI_6/clock_divider_7 (FF)
  Destination:       XLXI_6/counters_1 (FF)
  Source Clock:      clock rising
  Destination Clock: clock rising

  Data Path: XLXI_6/clock_divider_7 to XLXI_6/counters_1
                                Gate     Net
    Cell:in->out      fanout   Delay   Delay  Logical Name (Net Name)
    ----------------------------------------  ------------
     FDR:C->Q              2   0.591   0.622  XLXI_6/clock_divider_7 (XLXI_6/clock_divider_7)
     LUT1:I0->O            1   0.704   0.000  XLXI_6/clock_divider_cmp_eq0000_wg_cy<0>_rt (XLXI_6/clock_divider_cmp_eq0000_wg_cy<0>_rt)
     MUXCY:S->O            1   0.464   0.000  XLXI_6/clock_divider_cmp_eq0000_wg_cy<0> (XLXI_6/clock_divider_cmp_eq0000_wg_cy<0>)
     MUXCY:CI->O           1   0.059   0.000  XLXI_6/clock_divider_cmp_eq0000_wg_cy<1> (XLXI_6/clock_divider_cmp_eq0000_wg_cy<1>)
     MUXCY:CI->O           1   0.059   0.000  XLXI_6/clock_divider_cmp_eq0000_wg_cy<2> (XLXI_6/clock_divider_cmp_eq0000_wg_cy<2>)
     MUXCY:CI->O           1   0.059   0.000  XLXI_6/clock_divider_cmp_eq0000_wg_cy<3> (XLXI_6/clock_divider_cmp_eq0000_wg_cy<3>)
     MUXCY:CI->O           1   0.059   0.000  XLXI_6/clock_divider_cmp_eq0000_wg_cy<4> (XLXI_6/clock_divider_cmp_eq0000_wg_cy<4>)
     MUXCY:CI->O           1   0.059   0.000  XLXI_6/clock_divider_cmp_eq0000_wg_cy<5> (XLXI_6/clock_divider_cmp_eq0000_wg_cy<5>)
     MUXCY:CI->O           1   0.059   0.000  XLXI_6/clock_divider_cmp_eq0000_wg_cy<6> (XLXI_6/clock_divider_cmp_eq0000_wg_cy<6>)
     MUXCY:CI->O          34   0.331   1.267  XLXI_6/clock_divider_cmp_eq0000_wg_cy<7> (XLXI_6/clock_divider_cmp_eq0000)
     LUT4_D:I3->O          1   0.704   0.455  XLXI_6/counters_mux0000<0>2 (XLXI_6/N11)
     LUT4:I2->O            1   0.704   0.000  XLXI_6/counters_mux0000<1>1 (XLXI_6/counters_mux0000<1>)
     FD:D                      0.308          XLXI_6/counters_1
    ----------------------------------------
    Total                      6.504ns (4.160ns logic, 2.344ns route)
                                       (64.0% logic, 36.0% route)

=========================================================================
Timing constraint: Default period analysis for Clock 'XLXI_3/slow_clock'
  Clock period: 3.536ns (frequency: 282.805MHz)
  Total number of paths / destination ports: 54 / 22
-------------------------------------------------------------------------
Delay:               3.536ns (Levels of Logic = 1)
  Source:            XLXI_3/digit_value_1 (FF)
  Destination:       XLXI_3/segments_3 (FF)
  Source Clock:      XLXI_3/slow_clock rising
  Destination Clock: XLXI_3/slow_clock rising

  Data Path: XLXI_3/digit_value_1 to XLXI_3/segments_3
                                Gate     Net
    Cell:in->out      fanout   Delay   Delay  Logical Name (Net Name)
    ----------------------------------------  ------------
     FD:C->Q               7   0.591   0.883  XLXI_3/digit_value_1 (XLXI_3/digit_value_1)
     LUT4:I0->O            2   0.704   0.447  XLXI_3/Mrom_segments_mux000011 (XLXI_3/Mrom_segments_mux0000)
     FDS:S                     0.911          XLXI_3/segments_3
    ----------------------------------------
    Total                      3.536ns (2.206ns logic, 1.330ns route)
                                       (62.4% logic, 37.6% route)

=========================================================================
Timing constraint: Default OFFSET IN BEFORE for Clock 'clock'
  Total number of paths / destination ports: 68 / 16
-------------------------------------------------------------------------
Offset:              6.644ns (Levels of Logic = 5)
  Source:            buttonReset (PAD)
  Destination:       XLXI_6/counters_2 (FF)
  Destination Clock: clock rising

  Data Path: buttonReset to XLXI_6/counters_2
                                Gate     Net
    Cell:in->out      fanout   Delay   Delay  Logical Name (Net Name)
    ----------------------------------------  ------------
     IBUF:I->O             1   1.218   0.420  buttonReset_IBUF (buttonReset_IBUF)
     BUF:I->O              8   0.704   0.836  XLXI_18 (Reset<1>)
     LUT3:I1->O            2   0.704   0.622  XLXI_6/counters_mux0000<0>315 (XLXI_6/counters_mux0000<0>315)
     LUT3_D:I0->O          1   0.704   0.424  XLXI_6/counters_mux0000<0>318 (XLXI_6/N2)
     LUT4:I3->O            1   0.704   0.000  XLXI_6/counters_mux0000<2> (XLXI_6/counters_mux0000<2>)
     FD:D                      0.308          XLXI_6/counters_2
    ----------------------------------------
    Total                      6.644ns (4.342ns logic, 2.302ns route)
                                       (65.4% logic, 34.6% route)

=========================================================================
Timing constraint: Default OFFSET OUT AFTER for Clock 'clock'
  Total number of paths / destination ports: 1 / 1
-------------------------------------------------------------------------
Offset:              5.407ns (Levels of Logic = 2)
  Source:            XLXI_1/clk_5sec (FF)
  Destination:       SYNC (PAD)
  Source Clock:      clock rising

  Data Path: XLXI_1/clk_5sec to SYNC
                                Gate     Net
    Cell:in->out      fanout   Delay   Delay  Logical Name (Net Name)
    ----------------------------------------  ------------
     FDR:C->Q              1   0.591   0.420  XLXI_1/clk_5sec (XLXI_1/clk_5sec)
     BUF:I->O              1   0.704   0.420  XLXI_12 (SYNC_OBUF)
     OBUF:I->O                 3.272          SYNC_OBUF (SYNC)
    ----------------------------------------
    Total                      5.407ns (4.567ns logic, 0.840ns route)
                                       (84.5% logic, 15.5% route)

=========================================================================
Timing constraint: Default OFFSET OUT AFTER for Clock 'XLXI_3/slow_clock'
  Total number of paths / destination ports: 11 / 11
-------------------------------------------------------------------------
Offset:              4.283ns (Levels of Logic = 1)
  Source:            XLXI_3/anodes_3 (FF)
  Destination:       AN<3> (PAD)
  Source Clock:      XLXI_3/slow_clock rising

  Data Path: XLXI_3/anodes_3 to AN<3>
                                Gate     Net
    Cell:in->out      fanout   Delay   Delay  Logical Name (Net Name)
    ----------------------------------------  ------------
     FD:C->Q               1   0.591   0.420  XLXI_3/anodes_3 (XLXI_3/anodes_3)
     OBUF:I->O                 3.272          AN_3_OBUF (AN<3>)
    ----------------------------------------
    Total                      4.283ns (3.863ns logic, 0.420ns route)
                                       (90.2% logic, 9.8% route)

=========================================================================
Timing constraint: Default path analysis
  Total number of paths / destination ports: 8 / 8
-------------------------------------------------------------------------
Delay:               6.371ns (Levels of Logic = 3)
  Source:            switches<0> (PAD)
  Destination:       LED0 (PAD)

  Data Path: switches<0> to LED0
                                Gate     Net
    Cell:in->out      fanout   Delay   Delay  Logical Name (Net Name)
    ----------------------------------------  ------------
     IBUF:I->O             8   1.218   0.757  switches_0_IBUF (switches_0_IBUF)
     BUF:I->O              1   0.704   0.420  XLXI_7 (LED0_OBUF)
     OBUF:I->O                 3.272          LED0_OBUF (LED0)
    ----------------------------------------
    Total                      6.371ns (5.194ns logic, 1.177ns route)
                                       (81.5% logic, 18.5% route)

=========================================================================


Total REAL time to Xst completion: 5.00 secs
Total CPU time to Xst completion: 2.68 secs
 
--> 


Total memory usage is 612532 kilobytes

Number of errors   :    0 (   0 filtered)
Number of warnings :    1 (   0 filtered)
Number of infos    :    2 (   0 filtered)

