Release 14.7 - xst P.20131013 (lin64)
Copyright (c) 1995-2013 Xilinx, Inc.  All rights reserved.
--> 
Parameter TMPDIR set to xst/projnav.tmp


Total REAL time to Xst completion: 1.00 secs
Total CPU time to Xst completion: 0.00 secs
 
--> 
Parameter xsthdpdir set to xst


Total REAL time to Xst completion: 1.00 secs
Total CPU time to Xst completion: 0.00 secs
 
--> 
Reading design: trotilock_basys2.prj

TABLE OF CONTENTS
  1) Synthesis Options Summary
  2) HDL Compilation
  3) Design Hierarchy Analysis
  4) HDL Analysis
  5) HDL Synthesis
     5.1) HDL Synthesis Report
  6) Advanced HDL Synthesis
     6.1) Advanced HDL Synthesis Report
  7) Low Level Synthesis
  8) Partition Report
  9) Final Report
	9.1) Device utilization summary
	9.2) Partition Resource Summary
	9.3) TIMING REPORT


=========================================================================
*                      Synthesis Options Summary                        *
=========================================================================
---- Source Parameters
Input File Name                    : "trotilock_basys2.prj"
Input Format                       : mixed
Ignore Synthesis Constraint File   : NO

---- Target Parameters
Output File Name                   : "trotilock_basys2"
Output Format                      : NGC
Target Device                      : xc3s100e-4-cp132

---- Source Options
Top Module Name                    : trotilock_basys2
Automatic FSM Extraction           : YES
FSM Encoding Algorithm             : Auto
Safe Implementation                : No
FSM Style                          : LUT
RAM Extraction                     : Yes
RAM Style                          : Auto
ROM Extraction                     : Yes
Mux Style                          : Auto
Decoder Extraction                 : YES
Priority Encoder Extraction        : Yes
Shift Register Extraction          : YES
Logical Shifter Extraction         : YES
XOR Collapsing                     : YES
ROM Style                          : Auto
Mux Extraction                     : Yes
Resource Sharing                   : YES
Asynchronous To Synchronous        : NO
Multiplier Style                   : Auto
Automatic Register Balancing       : No

---- Target Options
Add IO Buffers                     : YES
Global Maximum Fanout              : 100000
Add Generic Clock Buffer(BUFG)     : 24
Register Duplication               : YES
Slice Packing                      : YES
Optimize Instantiated Primitives   : NO
Use Clock Enable                   : Yes
Use Synchronous Set                : Yes
Use Synchronous Reset              : Yes
Pack IO Registers into IOBs        : Auto
Equivalent register Removal        : YES

---- General Options
Optimization Goal                  : Speed
Optimization Effort                : 1
Keep Hierarchy                     : No
Netlist Hierarchy                  : As_Optimized
RTL Output                         : Yes
Global Optimization                : AllClockNets
Read Cores                         : YES
Write Timing Constraints           : NO
Cross Clock Analysis               : NO
Hierarchy Separator                : /
Bus Delimiter                      : <>
Case Specifier                     : Maintain
Slice Utilization Ratio            : 100
BRAM Utilization Ratio             : 100
Verilog 2001                       : YES
Auto BRAM Packing                  : NO
Slice Utilization Ratio Delta      : 5

=========================================================================


=========================================================================
*                          HDL Compilation                              *
=========================================================================
Compiling vhdl file "/home/ise/Documents/Cruel/trotilock_basys2.vhd" in Library work.
Architecture behavioral of Entity trotilock_basys2 is up to date.

=========================================================================
*                     Design Hierarchy Analysis                         *
=========================================================================
Analyzing hierarchy for entity <trotilock_basys2> in library <work> (architecture <behavioral>).


=========================================================================
*                            HDL Analysis                               *
=========================================================================
Analyzing Entity <trotilock_basys2> in library <work> (Architecture <behavioral>).
INFO:Xst:1433 - Contents of array <resp_buf> may be accessed with an index that exceeds the array size. This could cause simulation mismatch.
INFO:Xst:1433 - Contents of array <resp_buf> may be accessed with an index that exceeds the array size. This could cause simulation mismatch.
WARNING:Xst:1960 - "/home/ise/Documents/Cruel/trotilock_basys2.vhd" line 227: Potential simulation mismatch, variable <rlen> declared in block <$PROCESS4> is assigned in block <push>.
INFO:Xst:1433 - Contents of array <resp_buf> may be accessed with an index that exceeds the array size. This could cause simulation mismatch.
WARNING:Xst:1960 - "/home/ise/Documents/Cruel/trotilock_basys2.vhd" line 227: Potential simulation mismatch, variable <rlen> declared in block <$PROCESS4> is assigned in block <push>.
INFO:Xst:1433 - Contents of array <resp_buf> may be accessed with an index that exceeds the array size. This could cause simulation mismatch.
WARNING:Xst:1960 - "/home/ise/Documents/Cruel/trotilock_basys2.vhd" line 227: Potential simulation mismatch, variable <rlen> declared in block <$PROCESS4> is assigned in block <push>.
INFO:Xst:1433 - Contents of array <resp_buf> may be accessed with an index that exceeds the array size. This could cause simulation mismatch.
WARNING:Xst:1960 - "/home/ise/Documents/Cruel/trotilock_basys2.vhd" line 227: Potential simulation mismatch, variable <rlen> declared in block <$PROCESS4> is assigned in block <push>.
INFO:Xst:1433 - Contents of array <resp_buf> may be accessed with an index that exceeds the array size. This could cause simulation mismatch.
WARNING:Xst:1960 - "/home/ise/Documents/Cruel/trotilock_basys2.vhd" line 227: Potential simulation mismatch, variable <rlen> declared in block <$PROCESS4> is assigned in block <push>.
INFO:Xst:1433 - Contents of array <resp_buf> may be accessed with an index that exceeds the array size. This could cause simulation mismatch.
WARNING:Xst:1960 - "/home/ise/Documents/Cruel/trotilock_basys2.vhd" line 227: Potential simulation mismatch, variable <rlen> declared in block <$PROCESS4> is assigned in block <push>.
INFO:Xst:1433 - Contents of array <resp_buf> may be accessed with an index that exceeds the array size. This could cause simulation mismatch.
WARNING:Xst:1960 - "/home/ise/Documents/Cruel/trotilock_basys2.vhd" line 227: Potential simulation mismatch, variable <rlen> declared in block <$PROCESS4> is assigned in block <push>.
INFO:Xst:1433 - Contents of array <resp_buf> may be accessed with an index that exceeds the array size. This could cause simulation mismatch.
WARNING:Xst:1960 - "/home/ise/Documents/Cruel/trotilock_basys2.vhd" line 227: Potential simulation mismatch, variable <rlen> declared in block <$PROCESS4> is assigned in block <push>.
INFO:Xst:1433 - Contents of array <resp_buf> may be accessed with an index that exceeds the array size. This could cause simulation mismatch.
WARNING:Xst:1960 - "/home/ise/Documents/Cruel/trotilock_basys2.vhd" line 227: Potential simulation mismatch, variable <rlen> declared in block <$PROCESS4> is assigned in block <push>.
INFO:Xst:1433 - Contents of array <resp_buf> may be accessed with an index that exceeds the array size. This could cause simulation mismatch.
WARNING:Xst:1960 - "/home/ise/Documents/Cruel/trotilock_basys2.vhd" line 227: Potential simulation mismatch, variable <rlen> declared in block <$PROCESS4> is assigned in block <push>.
INFO:Xst:1433 - Contents of array <resp_buf> may be accessed with an index that exceeds the array size. This could cause simulation mismatch.
WARNING:Xst:1960 - "/home/ise/Documents/Cruel/trotilock_basys2.vhd" line 227: Potential simulation mismatch, variable <rlen> declared in block <$PROCESS4> is assigned in block <push>.
INFO:Xst:1433 - Contents of array <resp_buf> may be accessed with an index that exceeds the array size. This could cause simulation mismatch.
WARNING:Xst:1960 - "/home/ise/Documents/Cruel/trotilock_basys2.vhd" line 227: Potential simulation mismatch, variable <rlen> declared in block <$PROCESS4> is assigned in block <push>.
INFO:Xst:1433 - Contents of array <resp_buf> may be accessed with an index that exceeds the array size. This could cause simulation mismatch.
WARNING:Xst:1960 - "/home/ise/Documents/Cruel/trotilock_basys2.vhd" line 227: Potential simulation mismatch, variable <rlen> declared in block <$PROCESS4> is assigned in block <push>.
INFO:Xst:1433 - Contents of array <resp_buf> may be accessed with an index that exceeds the array size. This could cause simulation mismatch.
WARNING:Xst:1960 - "/home/ise/Documents/Cruel/trotilock_basys2.vhd" line 227: Potential simulation mismatch, variable <rlen> declared in block <$PROCESS4> is assigned in block <push>.
INFO:Xst:1433 - Contents of array <resp_buf> may be accessed with an index that exceeds the array size. This could cause simulation mismatch.
WARNING:Xst:1960 - "/home/ise/Documents/Cruel/trotilock_basys2.vhd" line 227: Potential simulation mismatch, variable <rlen> declared in block <$PROCESS4> is assigned in block <push>.
INFO:Xst:1433 - Contents of array <resp_buf> may be accessed with an index that exceeds the array size. This could cause simulation mismatch.
WARNING:Xst:1960 - "/home/ise/Documents/Cruel/trotilock_basys2.vhd" line 227: Potential simulation mismatch, variable <rlen> declared in block <$PROCESS4> is assigned in block <push>.
INFO:Xst:1433 - Contents of array <resp_buf> may be accessed with an index that exceeds the array size. This could cause simulation mismatch.
WARNING:Xst:1960 - "/home/ise/Documents/Cruel/trotilock_basys2.vhd" line 227: Potential simulation mismatch, variable <rlen> declared in block <$PROCESS4> is assigned in block <push>.
INFO:Xst:1433 - Contents of array <resp_buf> may be accessed with an index that exceeds the array size. This could cause simulation mismatch.
WARNING:Xst:1960 - "/home/ise/Documents/Cruel/trotilock_basys2.vhd" line 227: Potential simulation mismatch, variable <rlen> declared in block <$PROCESS4> is assigned in block <push>.
INFO:Xst:1433 - Contents of array <resp_buf> may be accessed with an index that exceeds the array size. This could cause simulation mismatch.
WARNING:Xst:1960 - "/home/ise/Documents/Cruel/trotilock_basys2.vhd" line 227: Potential simulation mismatch, variable <rlen> declared in block <$PROCESS4> is assigned in block <push>.
INFO:Xst:1433 - Contents of array <resp_buf> may be accessed with an index that exceeds the array size. This could cause simulation mismatch.
WARNING:Xst:1960 - "/home/ise/Documents/Cruel/trotilock_basys2.vhd" line 227: Potential simulation mismatch, variable <rlen> declared in block <$PROCESS4> is assigned in block <push>.
INFO:Xst:1433 - Contents of array <resp_buf> may be accessed with an index that exceeds the array size. This could cause simulation mismatch.
WARNING:Xst:1960 - "/home/ise/Documents/Cruel/trotilock_basys2.vhd" line 227: Potential simulation mismatch, variable <rlen> declared in block <$PROCESS4> is assigned in block <push>.
INFO:Xst:1433 - Contents of array <resp_buf> may be accessed with an index that exceeds the array size. This could cause simulation mismatch.
WARNING:Xst:1960 - "/home/ise/Documents/Cruel/trotilock_basys2.vhd" line 227: Potential simulation mismatch, variable <rlen> declared in block <$PROCESS4> is assigned in block <push>.
INFO:Xst:1433 - Contents of array <resp_buf> may be accessed with an index that exceeds the array size. This could cause simulation mismatch.
WARNING:Xst:1960 - "/home/ise/Documents/Cruel/trotilock_basys2.vhd" line 227: Potential simulation mismatch, variable <rlen> declared in block <$PROCESS4> is assigned in block <push>.
INFO:Xst:1433 - Contents of array <resp_buf> may be accessed with an index that exceeds the array size. This could cause simulation mismatch.
WARNING:Xst:1960 - "/home/ise/Documents/Cruel/trotilock_basys2.vhd" line 227: Potential simulation mismatch, variable <rlen> declared in block <$PROCESS4> is assigned in block <push>.
INFO:Xst:1433 - Contents of array <resp_buf> may be accessed with an index that exceeds the array size. This could cause simulation mismatch.
WARNING:Xst:1960 - "/home/ise/Documents/Cruel/trotilock_basys2.vhd" line 227: Potential simulation mismatch, variable <rlen> declared in block <$PROCESS4> is assigned in block <push>.
INFO:Xst:1433 - Contents of array <resp_buf> may be accessed with an index that exceeds the array size. This could cause simulation mismatch.
WARNING:Xst:1960 - "/home/ise/Documents/Cruel/trotilock_basys2.vhd" line 227: Potential simulation mismatch, variable <rlen> declared in block <$PROCESS4> is assigned in block <push>.
INFO:Xst:1433 - Contents of array <resp_buf> may be accessed with an index that exceeds the array size. This could cause simulation mismatch.
WARNING:Xst:1960 - "/home/ise/Documents/Cruel/trotilock_basys2.vhd" line 227: Potential simulation mismatch, variable <rlen> declared in block <$PROCESS4> is assigned in block <push>.
INFO:Xst:1433 - Contents of array <resp_buf> may be accessed with an index that exceeds the array size. This could cause simulation mismatch.
WARNING:Xst:1960 - "/home/ise/Documents/Cruel/trotilock_basys2.vhd" line 227: Potential simulation mismatch, variable <rlen> declared in block <$PROCESS4> is assigned in block <push>.
INFO:Xst:1433 - Contents of array <resp_buf> may be accessed with an index that exceeds the array size. This could cause simulation mismatch.
WARNING:Xst:1960 - "/home/ise/Documents/Cruel/trotilock_basys2.vhd" line 227: Potential simulation mismatch, variable <rlen> declared in block <$PROCESS4> is assigned in block <push>.
INFO:Xst:1433 - Contents of array <resp_buf> may be accessed with an index that exceeds the array size. This could cause simulation mismatch.
WARNING:Xst:1960 - "/home/ise/Documents/Cruel/trotilock_basys2.vhd" line 227: Potential simulation mismatch, variable <rlen> declared in block <$PROCESS4> is assigned in block <push>.
INFO:Xst:1433 - Contents of array <resp_buf> may be accessed with an index that exceeds the array size. This could cause simulation mismatch.
WARNING:Xst:1960 - "/home/ise/Documents/Cruel/trotilock_basys2.vhd" line 227: Potential simulation mismatch, variable <rlen> declared in block <$PROCESS4> is assigned in block <push>.
INFO:Xst:1433 - Contents of array <resp_buf> may be accessed with an index that exceeds the array size. This could cause simulation mismatch.
WARNING:Xst:1960 - "/home/ise/Documents/Cruel/trotilock_basys2.vhd" line 227: Potential simulation mismatch, variable <rlen> declared in block <$PROCESS4> is assigned in block <push>.
INFO:Xst:1433 - Contents of array <resp_buf> may be accessed with an index that exceeds the array size. This could cause simulation mismatch.
WARNING:Xst:1960 - "/home/ise/Documents/Cruel/trotilock_basys2.vhd" line 227: Potential simulation mismatch, variable <rlen> declared in block <$PROCESS4> is assigned in block <push>.
INFO:Xst:1433 - Contents of array <resp_buf> may be accessed with an index that exceeds the array size. This could cause simulation mismatch.
WARNING:Xst:1960 - "/home/ise/Documents/Cruel/trotilock_basys2.vhd" line 227: Potential simulation mismatch, variable <rlen> declared in block <$PROCESS4> is assigned in block <push>.
INFO:Xst:1433 - Contents of array <resp_buf> may be accessed with an index that exceeds the array size. This could cause simulation mismatch.
WARNING:Xst:1960 - "/home/ise/Documents/Cruel/trotilock_basys2.vhd" line 227: Potential simulation mismatch, variable <rlen> declared in block <$PROCESS4> is assigned in block <push>.
INFO:Xst:1433 - Contents of array <resp_buf> may be accessed with an index that exceeds the array size. This could cause simulation mismatch.
WARNING:Xst:1960 - "/home/ise/Documents/Cruel/trotilock_basys2.vhd" line 227: Potential simulation mismatch, variable <rlen> declared in block <$PROCESS4> is assigned in block <push>.
INFO:Xst:1433 - Contents of array <resp_buf> may be accessed with an index that exceeds the array size. This could cause simulation mismatch.
WARNING:Xst:1960 - "/home/ise/Documents/Cruel/trotilock_basys2.vhd" line 227: Potential simulation mismatch, variable <rlen> declared in block <$PROCESS4> is assigned in block <push>.
INFO:Xst:1433 - Contents of array <resp_buf> may be accessed with an index that exceeds the array size. This could cause simulation mismatch.
WARNING:Xst:1960 - "/home/ise/Documents/Cruel/trotilock_basys2.vhd" line 227: Potential simulation mismatch, variable <rlen> declared in block <$PROCESS4> is assigned in block <push>.
INFO:Xst:1433 - Contents of array <resp_buf> may be accessed with an index that exceeds the array size. This could cause simulation mismatch.
WARNING:Xst:1960 - "/home/ise/Documents/Cruel/trotilock_basys2.vhd" line 227: Potential simulation mismatch, variable <rlen> declared in block <$PROCESS4> is assigned in block <push>.
INFO:Xst:1433 - Contents of array <resp_buf> may be accessed with an index that exceeds the array size. This could cause simulation mismatch.
WARNING:Xst:1960 - "/home/ise/Documents/Cruel/trotilock_basys2.vhd" line 227: Potential simulation mismatch, variable <rlen> declared in block <$PROCESS4> is assigned in block <push>.
INFO:Xst:1433 - Contents of array <resp_buf> may be accessed with an index that exceeds the array size. This could cause simulation mismatch.
WARNING:Xst:1960 - "/home/ise/Documents/Cruel/trotilock_basys2.vhd" line 227: Potential simulation mismatch, variable <rlen> declared in block <$PROCESS4> is assigned in block <push>.
INFO:Xst:1433 - Contents of array <resp_buf> may be accessed with an index that exceeds the array size. This could cause simulation mismatch.
WARNING:Xst:1960 - "/home/ise/Documents/Cruel/trotilock_basys2.vhd" line 227: Potential simulation mismatch, variable <rlen> declared in block <$PROCESS4> is assigned in block <push>.
INFO:Xst:1433 - Contents of array <resp_buf> may be accessed with an index that exceeds the array size. This could cause simulation mismatch.
WARNING:Xst:1960 - "/home/ise/Documents/Cruel/trotilock_basys2.vhd" line 227: Potential simulation mismatch, variable <rlen> declared in block <$PROCESS4> is assigned in block <push>.
INFO:Xst:1433 - Contents of array <resp_buf> may be accessed with an index that exceeds the array size. This could cause simulation mismatch.
WARNING:Xst:1960 - "/home/ise/Documents/Cruel/trotilock_basys2.vhd" line 227: Potential simulation mismatch, variable <rlen> declared in block <$PROCESS4> is assigned in block <push>.
INFO:Xst:1433 - Contents of array <resp_buf> may be accessed with an index that exceeds the array size. This could cause simulation mismatch.
WARNING:Xst:1960 - "/home/ise/Documents/Cruel/trotilock_basys2.vhd" line 227: Potential simulation mismatch, variable <rlen> declared in block <$PROCESS4> is assigned in block <push>.
INFO:Xst:1433 - Contents of array <resp_buf> may be accessed with an index that exceeds the array size. This could cause simulation mismatch.
WARNING:Xst:1960 - "/home/ise/Documents/Cruel/trotilock_basys2.vhd" line 227: Potential simulation mismatch, variable <rlen> declared in block <$PROCESS4> is assigned in block <push>.
INFO:Xst:1433 - Contents of array <resp_buf> may be accessed with an index that exceeds the array size. This could cause simulation mismatch.
WARNING:Xst:1960 - "/home/ise/Documents/Cruel/trotilock_basys2.vhd" line 227: Potential simulation mismatch, variable <rlen> declared in block <$PROCESS4> is assigned in block <push>.
INFO:Xst:1433 - Contents of array <resp_buf> may be accessed with an index that exceeds the array size. This could cause simulation mismatch.
WARNING:Xst:1960 - "/home/ise/Documents/Cruel/trotilock_basys2.vhd" line 227: Potential simulation mismatch, variable <rlen> declared in block <$PROCESS4> is assigned in block <push>.
INFO:Xst:1433 - Contents of array <resp_buf> may be accessed with an index that exceeds the array size. This could cause simulation mismatch.
WARNING:Xst:1960 - "/home/ise/Documents/Cruel/trotilock_basys2.vhd" line 227: Potential simulation mismatch, variable <rlen> declared in block <$PROCESS4> is assigned in block <push>.
INFO:Xst:1433 - Contents of array <resp_buf> may be accessed with an index that exceeds the array size. This could cause simulation mismatch.
WARNING:Xst:1960 - "/home/ise/Documents/Cruel/trotilock_basys2.vhd" line 227: Potential simulation mismatch, variable <rlen> declared in block <$PROCESS4> is assigned in block <push>.
INFO:Xst:1433 - Contents of array <resp_buf> may be accessed with an index that exceeds the array size. This could cause simulation mismatch.
WARNING:Xst:1960 - "/home/ise/Documents/Cruel/trotilock_basys2.vhd" line 227: Potential simulation mismatch, variable <rlen> declared in block <$PROCESS4> is assigned in block <push>.
INFO:Xst:1433 - Contents of array <resp_buf> may be accessed with an index that exceeds the array size. This could cause simulation mismatch.
WARNING:Xst:1960 - "/home/ise/Documents/Cruel/trotilock_basys2.vhd" line 227: Potential simulation mismatch, variable <rlen> declared in block <$PROCESS4> is assigned in block <push>.
INFO:Xst:1433 - Contents of array <resp_buf> may be accessed with an index that exceeds the array size. This could cause simulation mismatch.
WARNING:Xst:1960 - "/home/ise/Documents/Cruel/trotilock_basys2.vhd" line 227: Potential simulation mismatch, variable <rlen> declared in block <$PROCESS4> is assigned in block <push>.
INFO:Xst:1433 - Contents of array <resp_buf> may be accessed with an index that exceeds the array size. This could cause simulation mismatch.
WARNING:Xst:1960 - "/home/ise/Documents/Cruel/trotilock_basys2.vhd" line 227: Potential simulation mismatch, variable <rlen> declared in block <$PROCESS4> is assigned in block <push>.
INFO:Xst:1433 - Contents of array <resp_buf> may be accessed with an index that exceeds the array size. This could cause simulation mismatch.
WARNING:Xst:1960 - "/home/ise/Documents/Cruel/trotilock_basys2.vhd" line 227: Potential simulation mismatch, variable <rlen> declared in block <$PROCESS4> is assigned in block <push>.
INFO:Xst:1433 - Contents of array <resp_buf> may be accessed with an index that exceeds the array size. This could cause simulation mismatch.
WARNING:Xst:1960 - "/home/ise/Documents/Cruel/trotilock_basys2.vhd" line 227: Potential simulation mismatch, variable <rlen> declared in block <$PROCESS4> is assigned in block <push>.
INFO:Xst:1433 - Contents of array <resp_buf> may be accessed with an index that exceeds the array size. This could cause simulation mismatch.
WARNING:Xst:1960 - "/home/ise/Documents/Cruel/trotilock_basys2.vhd" line 227: Potential simulation mismatch, variable <rlen> declared in block <$PROCESS4> is assigned in block <push>.
INFO:Xst:1433 - Contents of array <resp_buf> may be accessed with an index that exceeds the array size. This could cause simulation mismatch.
WARNING:Xst:1960 - "/home/ise/Documents/Cruel/trotilock_basys2.vhd" line 227: Potential simulation mismatch, variable <rlen> declared in block <$PROCESS4> is assigned in block <push>.
INFO:Xst:1433 - Contents of array <resp_buf> may be accessed with an index that exceeds the array size. This could cause simulation mismatch.
WARNING:Xst:1960 - "/home/ise/Documents/Cruel/trotilock_basys2.vhd" line 227: Potential simulation mismatch, variable <rlen> declared in block <$PROCESS4> is assigned in block <push>.
INFO:Xst:1433 - Contents of array <resp_buf> may be accessed with an index that exceeds the array size. This could cause simulation mismatch.
WARNING:Xst:1960 - "/home/ise/Documents/Cruel/trotilock_basys2.vhd" line 227: Potential simulation mismatch, variable <rlen> declared in block <$PROCESS4> is assigned in block <push>.
INFO:Xst:1433 - Contents of array <resp_buf> may be accessed with an index that exceeds the array size. This could cause simulation mismatch.
WARNING:Xst:1960 - "/home/ise/Documents/Cruel/trotilock_basys2.vhd" line 227: Potential simulation mismatch, variable <rlen> declared in block <$PROCESS4> is assigned in block <push>.
INFO:Xst:1433 - Contents of array <resp_buf> may be accessed with an index that exceeds the array size. This could cause simulation mismatch.
WARNING:Xst:1960 - "/home/ise/Documents/Cruel/trotilock_basys2.vhd" line 227: Potential simulation mismatch, variable <rlen> declared in block <$PROCESS4> is assigned in block <push>.
INFO:Xst:1433 - Contents of array <resp_buf> may be accessed with an index that exceeds the array size. This could cause simulation mismatch.
WARNING:Xst:1960 - "/home/ise/Documents/Cruel/trotilock_basys2.vhd" line 227: Potential simulation mismatch, variable <rlen> declared in block <$PROCESS4> is assigned in block <push>.
INFO:Xst:1433 - Contents of array <cmd_buf> may be accessed with an index that exceeds the array size. This could cause simulation mismatch.
INFO:Xst:2679 - Register <dp> in unit <trotilock_basys2> has a constant value of 1 during circuit operation. The register is replaced by logic.
Entity <trotilock_basys2> analyzed. Unit <trotilock_basys2> generated.


=========================================================================
*                           HDL Synthesis                               *
=========================================================================

Performing bidirectional port resolution...

Synthesizing Unit <trotilock_basys2>.
    Related source file is "/home/ise/Documents/Cruel/trotilock_basys2.vhd".
WARNING:Xst:646 - Signal <sw_snapshot> is assigned but never used. This unconnected signal will be trimmed during the optimization process.
WARNING:Xst:646 - Signal <scooter_present> is assigned but never used. This unconnected signal will be trimmed during the optimization process.
WARNING:Xst:646 - Signal <cmd_buf<6><7:2>> is assigned but never used. This unconnected signal will be trimmed during the optimization process.
WARNING:Xst:646 - Signal <cmd_buf<7:15>> is assigned but never used. This unconnected signal will be trimmed during the optimization process.
    Found 64x8-bit dual-port RAM <Mram_resp_buf> for signal <resp_buf>.
    Found finite state machine <FSM_0> for signal <rx_state>.
    -----------------------------------------------------------------------
    | States             | 3                                              |
    | Transitions        | 8                                              |
    | Inputs             | 3                                              |
    | Outputs            | 4                                              |
    | Clock              | clk                       (rising_edge)        |
    | Power Up State     | 00                                             |
    | Encoding           | automatic                                      |
    | Implementation     | LUT                                            |
    -----------------------------------------------------------------------
    Found 16x7-bit ROM for signal <seg$mux0001> created at line 96.
    Found 7-bit register for signal <seg>.
    Found 4-bit register for signal <an>.
    Found 5-bit comparator greater for signal <$cmp_gt0000> created at line 390.
    Found 4-bit 4-to-1 multiplexer for signal <$varindex0001> created at line 130.
    Found 4-bit register for signal <active_snapshot>.
    Found 1-of-4 decoder for signal <an$mux0001> created at line 132.
    Found 1-bit register for signal <boot_done>.
    Found 6-bit adder for signal <ch$add0000> created at line 91.
    Found 6-bit adder for signal <ch$add0001> created at line 91.
    Found 6-bit adder for signal <ch$add0002> created at line 91.
    Found 6-bit adder for signal <ch$add0003> created at line 91.
    Found 16-bit register for signal <ch_snapshot>.
    Found 4-bit up counter for signal <charge>.
    Found 4-bit comparator greatequal for signal <charge_0$cmp_ge0000> created at line 153.
    Found 4-bit comparator greatequal for signal <charge_1$cmp_ge0000> created at line 153.
    Found 4-bit comparator greatequal for signal <charge_2$cmp_ge0000> created at line 153.
    Found 4-bit comparator greatequal for signal <charge_3$cmp_ge0000> created at line 153.
    Found 29-bit up counter for signal <charge_cnt>.
    Found 4-bit comparator less for signal <charge_cnt_0$cmp_lt0000> created at line 153.
    Found 4-bit comparator less for signal <charge_cnt_1$cmp_lt0000> created at line 153.
    Found 4-bit comparator less for signal <charge_cnt_2$cmp_lt0000> created at line 153.
    Found 4-bit comparator less for signal <charge_cnt_3$cmp_lt0000> created at line 153.
    Found 4-bit register for signal <charge_tick_pulse>.
    Found 128-bit register for signal <cmd_buf>.
    Found 5-bit up counter for signal <cmd_len>.
    Found 5-bit comparator greatequal for signal <cmd_len$cmp_ge0000> created at line 438.
    Found 19-bit up counter for signal <debounce_cnt>.
    Found 19-bit comparator greatequal for signal <debounce_cnt$cmp_ge0000> created at line 276.
    Found 4-bit register for signal <lk_snapshot>.
    Found 4-bit register for signal <lock_state>.
    Found 5-bit comparator greatequal for signal <mux0000$cmp_ge0000> created at line 393.
    Found 5-bit comparator greatequal for signal <mux0000$cmp_ge0001> created at line 401.
    Found 7-bit comparator less for signal <mux0000$cmp_lt0000> created at line 227.
    Found 7-bit register for signal <resp_len>.
    Found 7-bit up counter for signal <resp_ptr>.
    Found 7-bit adder for signal <resp_ptr$mux0000> created at line 389.
    Found 1-bit register for signal <resp_send>.
    Found 7-bit comparator less for signal <resp_send$cmp_lt0000> created at line 353.
    Found 7-bit register for signal <rlen>.
    Found 7-bit comparator greatequal for signal <rlen$cmp_ge0000> created at line 227.
    Found 5-bit comparator lessequal for signal <rlen$cmp_le0000> created at line 390.
    Found 5-bit comparator less for signal <rlen$cmp_lt0000> created at line 412.
    Found 5-bit comparator less for signal <rlen$cmp_lt0001> created at line 401.
    Found 7-bit adder for signal <rlen$mux0006>.
    Found 13-bit register for signal <rx_baud_cnt>.
    Found 13-bit subtractor for signal <rx_baud_cnt$share0000> created at line 179.
    Found 4-bit register for signal <rx_bit_cnt>.
    Found 4-bit adder for signal <rx_bit_cnt$addsub0000> created at line 202.
    Found 8-bit register for signal <rx_data>.
    Found 1-bit register for signal <rx_ready>.
    Found 8-bit register for signal <rx_shift>.
    Found 4-bit comparator greatequal for signal <rx_shift$cmp_ge0000> created at line 200.
    Found 4-bit comparator less for signal <rx_state$cmp_lt0000> created at line 200.
    Found 2-bit register for signal <rx_sync>.
    Found 2-bit up counter for signal <seg_digit>.
    Found 17-bit up counter for signal <seg_div>.
    Found 8-bit register for signal <sw_prev>.
    Found 8-bit comparator equal for signal <sw_prev$cmp_eq0000> created at line 273.
    Found 19-bit comparator less for signal <sw_prev$cmp_lt0000> created at line 276.
    Found 8-bit comparator not equal for signal <sw_prev$cmp_ne0000> created at line 273.
    Found 1-bit register for signal <sw_tx_active>.
    Found 5-bit register for signal <sw_tx_ptr>.
    Found 5-bit adder for signal <sw_tx_ptr$addsub0000> created at line 344.
    Found 13-bit register for signal <tx_baud_cnt>.
    Found 13-bit subtractor for signal <tx_baud_cnt$addsub0000> created at line 381.
    Found 4-bit register for signal <tx_bit_cnt>.
    Found 4-bit adder for signal <tx_bit_cnt$addsub0000> created at line 378.
    Found 1-bit register for signal <tx_busy>.
    Found 7-bit comparator greatequal for signal <tx_busy$cmp_ge0000> created at line 353.
    Found 1-bit register for signal <tx_reg>.
    Found 10-bit register for signal <tx_shift>.
    Summary:
	inferred   1 Finite State Machine(s).
	inferred   1 RAM(s).
	inferred   1 ROM(s).
	inferred  13 Counter(s).
	inferred 266 D-type flip-flop(s).
	inferred  11 Adder/Subtractor(s).
	inferred  25 Comparator(s).
	inferred   4 Multiplexer(s).
	inferred   1 Decoder(s).
Unit <trotilock_basys2> synthesized.

INFO:Xst:1767 - HDL ADVISOR - Resource sharing has identified that some arithmetic operations in this design can share the same physical resources for reduced device utilization. For improved clock frequency you may try to disable resource sharing.

=========================================================================
HDL Synthesis Report

Macro Statistics
# RAMs                                                 : 1
 64x8-bit dual-port RAM                                : 1
# ROMs                                                 : 1
 16x7-bit ROM                                          : 1
# Adders/Subtractors                                   : 11
 13-bit subtractor                                     : 2
 4-bit adder                                           : 2
 5-bit adder                                           : 1
 6-bit adder                                           : 4
 7-bit adder                                           : 2
# Counters                                             : 13
 17-bit up counter                                     : 1
 19-bit up counter                                     : 1
 2-bit up counter                                      : 1
 29-bit up counter                                     : 4
 4-bit up counter                                      : 4
 5-bit up counter                                      : 1
 7-bit up counter                                      : 1
# Registers                                            : 41
 1-bit register                                        : 14
 10-bit register                                       : 1
 13-bit register                                       : 2
 2-bit register                                        : 1
 4-bit register                                        : 9
 5-bit register                                        : 1
 7-bit register                                        : 3
 8-bit register                                        : 10
# Comparators                                          : 25
 19-bit comparator greatequal                          : 1
 19-bit comparator less                                : 1
 4-bit comparator greatequal                           : 5
 4-bit comparator less                                 : 5
 5-bit comparator greatequal                           : 3
 5-bit comparator greater                              : 1
 5-bit comparator less                                 : 2
 5-bit comparator lessequal                            : 1
 7-bit comparator greatequal                           : 2
 7-bit comparator less                                 : 2
 8-bit comparator equal                                : 1
 8-bit comparator not equal                            : 1
# Multiplexers                                         : 1
 4-bit 4-to-1 multiplexer                              : 1
# Decoders                                             : 1
 1-of-4 decoder                                        : 1

=========================================================================

=========================================================================
*                       Advanced HDL Synthesis                          *
=========================================================================

Analyzing FSM <FSM_0> for best encoding.
Optimizing FSM <rx_state/FSM> on signal <rx_state[1:2]> with user encoding.
-------------------
 State | Encoding
-------------------
 00    | 00
 01    | 01
 10    | 10
-------------------
WARNING:Xst:1426 - The value init of the FF/Latch boot_done hinder the constant cleaning in the block trotilock_basys2.
   You should achieve better results by setting this init to 1.
WARNING:Xst:1293 - FF/Latch <tx_shift_9> has a constant value of 1 in block <trotilock_basys2>. This FF/Latch will be trimmed during the optimization process.
WARNING:Xst:2677 - Node <cmd_buf_6_2> of sequential type is unconnected in block <trotilock_basys2>.
WARNING:Xst:2677 - Node <cmd_buf_6_3> of sequential type is unconnected in block <trotilock_basys2>.
WARNING:Xst:2677 - Node <cmd_buf_6_4> of sequential type is unconnected in block <trotilock_basys2>.
WARNING:Xst:2677 - Node <cmd_buf_6_5> of sequential type is unconnected in block <trotilock_basys2>.
WARNING:Xst:2677 - Node <cmd_buf_6_6> of sequential type is unconnected in block <trotilock_basys2>.
WARNING:Xst:2677 - Node <cmd_buf_6_7> of sequential type is unconnected in block <trotilock_basys2>.

Synthesizing (advanced) Unit <trotilock_basys2>.
INFO:Xst:3231 - The small RAM <Mram_resp_buf> will be implemented on LUTs in order to maximize performance and save block RAM resources. If you want to force its implementation on block, use option/constraint ram_style.
    -----------------------------------------------------------------------
    | ram_type           | Distributed                         |          |
    -----------------------------------------------------------------------
    | Port A                                                              |
    |     aspect ratio   | 64-word x 8-bit                     |          |
    |     clkA           | connected to signal <clk>           | rise     |
    |     weA            | connected to signal <_cmp_gt0000_0> | high     |
    |     addrA          | connected to signal <rlen>          |          |
    |     diA            | connected to internal node          |          |
    |     doA            | connected to internal node          |          |
    -----------------------------------------------------------------------
    | Port B                                                              |
    |     aspect ratio   | 64-word x 8-bit                     |          |
    |     addrB          | connected to signal <resp_ptr>      |          |
    |     doB            | connected to internal node          |          |
    -----------------------------------------------------------------------
INFO:Xst:3034 - In order to maximize performance and save block RAM resources, the small ROM <Mrom_seg_mux0001> will be implemented on LUT. If you want to force its implementation on block, use option/constraint rom_style.
Unit <trotilock_basys2> synthesized (advanced).
WARNING:Xst:2677 - Node <cmd_buf_6_2> of sequential type is unconnected in block <trotilock_basys2>.
WARNING:Xst:2677 - Node <cmd_buf_6_3> of sequential type is unconnected in block <trotilock_basys2>.
WARNING:Xst:2677 - Node <cmd_buf_6_4> of sequential type is unconnected in block <trotilock_basys2>.
WARNING:Xst:2677 - Node <cmd_buf_6_5> of sequential type is unconnected in block <trotilock_basys2>.
WARNING:Xst:2677 - Node <cmd_buf_6_6> of sequential type is unconnected in block <trotilock_basys2>.
WARNING:Xst:2677 - Node <cmd_buf_6_7> of sequential type is unconnected in block <trotilock_basys2>.

=========================================================================
Advanced HDL Synthesis Report

Macro Statistics
# FSMs                                                 : 1
# RAMs                                                 : 1
 64x8-bit dual-port distributed RAM                    : 1
# ROMs                                                 : 1
 16x7-bit ROM                                          : 1
# Adders/Subtractors                                   : 11
 13-bit subtractor                                     : 2
 4-bit adder                                           : 2
 5-bit adder                                           : 1
 6-bit adder                                           : 4
 7-bit adder                                           : 2
# Counters                                             : 13
 17-bit up counter                                     : 1
 19-bit up counter                                     : 1
 2-bit up counter                                      : 1
 29-bit up counter                                     : 4
 4-bit up counter                                      : 4
 5-bit up counter                                      : 1
 7-bit up counter                                      : 1
# Registers                                            : 188
 Flip-Flops                                            : 188
# Comparators                                          : 25
 19-bit comparator greatequal                          : 1
 19-bit comparator less                                : 1
 4-bit comparator greatequal                           : 5
 4-bit comparator less                                 : 5
 5-bit comparator greatequal                           : 3
 5-bit comparator greater                              : 1
 5-bit comparator less                                 : 2
 5-bit comparator lessequal                            : 1
 7-bit comparator greatequal                           : 2
 7-bit comparator less                                 : 2
 8-bit comparator equal                                : 1
 8-bit comparator not equal                            : 1
# Multiplexers                                         : 1
 4-bit 4-to-1 multiplexer                              : 1
# Decoders                                             : 1
 1-of-4 decoder                                        : 1

=========================================================================

=========================================================================
*                         Low Level Synthesis                           *
=========================================================================
WARNING:Xst:1426 - The value init of the FF/Latch boot_done hinder the constant cleaning in the block trotilock_basys2.
   You should achieve better results by setting this init to 1.
WARNING:Xst:1293 - FF/Latch <tx_shift_9> has a constant value of 1 in block <trotilock_basys2>. This FF/Latch will be trimmed during the optimization process.

Optimizing unit <trotilock_basys2> ...

Mapping all equations...
Building and optimizing final netlist ...
Found area constraint ratio of 100 (+ 5) on block trotilock_basys2, actual ratio is 38.

Final Macro Processing ...

Processing Unit <trotilock_basys2> :
	Found 2-bit shift register for signal <rx_sync_1>.
Unit <trotilock_basys2> processed.

=========================================================================
Final Register Report

Macro Statistics
# Registers                                            : 369
 Flip-Flops                                            : 369
# Shift Registers                                      : 1
 2-bit shift register                                  : 1

=========================================================================

=========================================================================
*                           Partition Report                            *
=========================================================================

Partition Implementation Status
-------------------------------

  No Partitions were found in this design.

-------------------------------

=========================================================================
*                            Final Report                               *
=========================================================================
Final Results
RTL Top Level Output File Name     : trotilock_basys2.ngr
Top Level Output File Name         : trotilock_basys2
Output Format                      : NGC
Optimization Goal                  : Speed
Keep Hierarchy                     : No

Design Statistics
# IOs                              : 31

Cell Usage :
# BELS                             : 1078
#      GND                         : 1
#      INV                         : 42
#      LUT1                        : 151
#      LUT2                        : 56
#      LUT2_D                      : 2
#      LUT2_L                      : 5
#      LUT3                        : 100
#      LUT3_D                      : 10
#      LUT3_L                      : 14
#      LUT4                        : 216
#      LUT4_D                      : 9
#      LUT4_L                      : 20
#      MUXCY                       : 236
#      MUXF5                       : 37
#      VCC                         : 1
#      XORCY                       : 178
# FlipFlops/Latches                : 370
#      FD                          : 22
#      FDE                         : 147
#      FDR                         : 38
#      FDRE                        : 151
#      FDS                         : 12
# RAMS                             : 32
#      RAM16X1D                    : 32
# Shift Registers                  : 1
#      SRL16                       : 1
# Clock Buffers                    : 1
#      BUFGP                       : 1
# IO Buffers                       : 30
#      IBUF                        : 9
#      OBUF                        : 21
=========================================================================

Device utilization summary:
---------------------------

Selected Device : 3s100ecp132-4 

 Number of Slices:                      367  out of    960    38%  
 Number of Slice Flip Flops:            370  out of   1920    19%  
 Number of 4 input LUTs:                690  out of   1920    35%  
    Number used as logic:               625
    Number used as Shift registers:       1
    Number used as RAMs:                 64
 Number of IOs:                          31
 Number of bonded IOBs:                  31  out of     83    37%  
 Number of GCLKs:                         1  out of     24     4%  

---------------------------
Partition Resource Summary:
---------------------------

  No Partitions were found in this design.

---------------------------


=========================================================================
TIMING REPORT

NOTE: THESE TIMING NUMBERS ARE ONLY A SYNTHESIS ESTIMATE.
      FOR ACCURATE TIMING INFORMATION PLEASE REFER TO THE TRACE REPORT
      GENERATED AFTER PLACE-and-ROUTE.

Clock Information:
------------------
-----------------------------------+------------------------+-------+
Clock Signal                       | Clock buffer(FF name)  | Load  |
-----------------------------------+------------------------+-------+
clk                                | BUFGP                  | 403   |
-----------------------------------+------------------------+-------+

Asynchronous Control Signals Information:
----------------------------------------
No asynchronous control signals found in this design

Timing Summary:
---------------
Speed Grade: -4

   Minimum period: 9.000ns (Maximum Frequency: 111.111MHz)
   Minimum input arrival time before clock: 7.841ns
   Maximum output required time after clock: 4.310ns
   Maximum combinational path delay: No path found

Timing Detail:
--------------
All values displayed in nanoseconds (ns)

=========================================================================
Timing constraint: Default period analysis for Clock 'clk'
  Clock period: 9.000ns (frequency: 111.111MHz)
  Total number of paths / destination ports: 24107 / 1158
-------------------------------------------------------------------------
Delay:               9.000ns (Levels of Logic = 5)
  Source:            cmd_len_0 (FF)
  Destination:       rlen_0 (FF)
  Source Clock:      clk rising
  Destination Clock: clk rising

  Data Path: cmd_len_0 to rlen_0
                                Gate     Net
    Cell:in->out      fanout   Delay   Delay  Logical Name (Net Name)
    ----------------------------------------  ------------
     FDRE:C->Q            11   0.591   1.012  cmd_len_0 (cmd_len_0)
     LUT2_L:I1->LO         1   0.704   0.104  _cmp_gt00001_SW0 (N191)
     LUT4:I3->O            7   0.704   0.712  _cmp_gt00001 (_cmp_gt0000)
     LUT4:I3->O           13   0.704   1.018  lock_state_0_not000111_1 (lock_state_0_not000111)
     LUT3:I2->O            1   0.704   0.424  rlen_and0000_SW0_SW1 (N1011)
     LUT4:I3->O            7   0.704   0.708  rlen_and0000 (rlen_and0000)
     FDRE:R                    0.911          rlen_0
    ----------------------------------------
    Total                      9.000ns (5.022ns logic, 3.978ns route)
                                       (55.8% logic, 44.2% route)

=========================================================================
Timing constraint: Default OFFSET IN BEFORE for Clock 'clk'
  Total number of paths / destination ports: 781 / 214
-------------------------------------------------------------------------
Offset:              7.841ns (Levels of Logic = 5)
  Source:            sw<2> (PAD)
  Destination:       lock_state_1 (FF)
  Destination Clock: clk rising

  Data Path: sw<2> to lock_state_1
                                Gate     Net
    Cell:in->out      fanout   Delay   Delay  Logical Name (Net Name)
    ----------------------------------------  ------------
     IBUF:I->O             7   1.218   0.883  sw_2_IBUF (sw_2_IBUF)
     LUT4:I0->O            1   0.704   0.499  sw_prev_cmp_eq0000853 (sw_prev_cmp_eq0000853)
     LUT4:I1->O            9   0.704   0.855  sw_prev_cmp_eq00008136 (sw_prev_cmp_eq0000)
     LUT4:I2->O            1   0.704   0.595  lock_state_3_not000157 (lock_state_3_not000157)
     LUT4:I0->O            1   0.704   0.420  lock_state_3_not000160 (lock_state_3_not0001)
     FDE:CE                    0.555          lock_state_3
    ----------------------------------------
    Total                      7.841ns (4.589ns logic, 3.252ns route)
                                       (58.5% logic, 41.5% route)

=========================================================================
Timing constraint: Default OFFSET OUT AFTER for Clock 'clk'
  Total number of paths / destination ports: 16 / 16
-------------------------------------------------------------------------
Offset:              4.310ns (Levels of Logic = 1)
  Source:            lock_state_3 (FF)
  Destination:       led<3> (PAD)
  Source Clock:      clk rising

  Data Path: lock_state_3 to led<3>
                                Gate     Net
    Cell:in->out      fanout   Delay   Delay  Logical Name (Net Name)
    ----------------------------------------  ------------
     FDE:C->Q              2   0.591   0.447  lock_state_3 (lock_state_3)
     OBUF:I->O                 3.272          led_3_OBUF (led<3>)
    ----------------------------------------
    Total                      4.310ns (3.863ns logic, 0.447ns route)
                                       (89.6% logic, 10.4% route)

=========================================================================


Total REAL time to Xst completion: 14.00 secs
Total CPU time to Xst completion: 2.58 secs
 
--> 


Total memory usage is 634432 kilobytes

Number of errors   :    0 (   0 filtered)
Number of warnings :   83 (   0 filtered)
Number of infos    :   69 (   0 filtered)

